// Jest Snapshot v1, https://goo.gl/fbAQLP

exports[`CatalogItem component should render the item with name, image, price add to cart button 1`] = `
<div
  className="catalog-item"
>
  <a
    href="/articles/199203"
    onClick={[Function]}
  >
    <img
      className="catalog-item__image"
      src="https://picsum.photos/480/480/?image=6"
    />
  </a>
  <span
    className="catalog-item__name"
  >
    <span
      className="catalog-item__name catalog-item__name--legend"
    >
      Name: 
    </span>
    <span
      className="catalog-item__name catalog-item__name--value"
    >
      IPad
    </span>
  </span>
  <br />
  <span
    className="catalog-item__price"
  >
    <span
      className="catalog-item__price catalog-item__price--legend"
    >
      Price:  
    </span>
    <span
      className="catalog-item__price catalog-item__price--amount"
    >
      229
    </span>
     
    <span
      className="catalog-item__price catalog-item__price--currency"
    >
      EUR
    </span>
  </span>
  <br />
  <a
    href="/articles/199203"
    onClick={[Function]}
  >
    <button
      className="button"
    >
      View
    </button>
  </a>
  <button
    className="button button--inverted"
    onClick={[Function]}
  >
    Add
  </button>
</div>
`;
