// Jest Snapshot v1, https://goo.gl/fbAQLP

exports[`CatalogItem component should render the item with name, image, price add to cart button 1`] = `
<div
  className="catalog-item"
>
  <div
    className="card white darken-1"
  >
    <div
      className="card-content black-text"
    >
      <span
        className="card-title"
      >
        IPad
        <br />
        <span
          className="currency"
        >
          229
           
          EUR
        </span>
      </span>
      <img
        className="catalog-item__image"
        src="https://picsum.photos/480/480/?image=6"
      />
    </div>
    <div
      className="card-action"
    >
      <a
        className="btn white-text "
        href="/"
        onClick={[Function]}
      >
        Add to Cart
      </a>
      <a
        className="btn-flat"
        href="/articles/199203"
        onClick={[Function]}
      >
        View
      </a>
    </div>
  </div>
</div>
`;
