// Jest Snapshot v1, https://goo.gl/fbAQLP

exports[`Quote component should render loading if quote is loading 1`] = `
<div>
  <div
    className="quote-items"
  >
    <div
      class="card blue-grey darken-1"
    >
      <div
        class="card-content white-text"
      >
        <div
          className="quote-item"
        >
          <span
            class="card-title"
          >
            Nice Product
            <br />
            <span
              className="left"
              style={
                Object {
                  "fontSize": "small",
                  "fontStyle": "italic",
                }
              }
            >
              20
               
              EUR
               X 
              3
            </span>
            <span
              className="right"
              style={
                Object {
                  "fontSize": "small",
                  "fontStyle": "italic",
                }
              }
            >
              60
               
              EUR
            </span>
          </span>
          <div
            className="clearfix"
          />
        </div>
      </div>
      <div
        class="card-action white-text"
      >
        <div
          style={
            Object {
              "fontSize": "2rem",
            }
          }
        >
          <span
            className="left"
          >
            Total
          </span>
          <span
            className="right"
            style={
              Object {
                "fontStyle": "italic",
              }
            }
          >
            60
             
            EUR
          </span>
          <div
            className="clearfix"
          />
        </div>
      </div>
    </div>
  </div>
</div>
`;

exports[`Quote component should render the quote items 1`] = `
<div>
  <div
    className="quote-items"
  >
    <div
      class="card blue-grey darken-1"
    >
      <div
        class="card-content white-text"
      >
        <div
          className="quote-item"
        >
          <span
            class="card-title"
          >
            Nice Product
            <br />
            <span
              className="left"
              style={
                Object {
                  "fontSize": "small",
                  "fontStyle": "italic",
                }
              }
            >
              20
               
              EUR
               X 
              3
            </span>
            <span
              className="right"
              style={
                Object {
                  "fontSize": "small",
                  "fontStyle": "italic",
                }
              }
            >
              60
               
              EUR
            </span>
          </span>
          <div
            className="clearfix"
          />
        </div>
      </div>
      <div
        class="card-action white-text"
      >
        <div
          style={
            Object {
              "fontSize": "2rem",
            }
          }
        >
          <span
            className="left"
          >
            Total
          </span>
          <span
            className="right"
            style={
              Object {
                "fontStyle": "italic",
              }
            }
          >
            60
             
            EUR
          </span>
          <div
            className="clearfix"
          />
        </div>
      </div>
    </div>
  </div>
</div>
`;
