// Jest Snapshot v1, https://goo.gl/fbAQLP

exports[`QuoteItem component should render the quote item with name, price, quantity and line total 1`] = `
<div
  className="quote-item"
>
  <span
    class="card-title"
  >
    Nice Product
    <br />
    <span
      className="left"
      style={
        Object {
          "fontSize": "small",
          "fontStyle": "italic",
        }
      }
    >
      20
       
      EUR
       X 
      3
    </span>
    <span
      className="right"
      style={
        Object {
          "fontSize": "small",
          "fontStyle": "italic",
        }
      }
    >
      60
       
      EUR
    </span>
  </span>
  <div
    className="clearfix"
  />
</div>
`;
