// Jest Snapshot v1, https://goo.gl/fbAQLP

exports[`QuoteItem component should render the quote item with name, price, quantity and line total 1`] = `
<span
  className="quote-total"
>
  <span
    className="quote-total__legend"
  >
    Total: 
  </span>
  <span
    className="quote-total__value"
  >
    <span
      className="quote-total__value quote-total__value--amount"
    >
      60
    </span>
     
    <span
      className="quote-total__value quote-total__value--currency"
    >
      EUR
    </span>
  </span>
</span>
`;
