// Jest Snapshot v1, https://goo.gl/fbAQLP

exports[`QuoteItem component should render the quote item with name, price, quantity and line total 1`] = `
<div
  style={
    Object {
      "fontSize": "2rem",
    }
  }
>
  <span
    className="left"
  >
    Total
  </span>
  <span
    className="right"
    style={
      Object {
        "fontStyle": "italic",
      }
    }
  >
    60
     
    EUR
  </span>
  <div
    className="clearfix"
  />
</div>
`;
