// Jest Snapshot v1, https://goo.gl/fbAQLP

exports[`Article component should render the article item with name, image, description, price 1`] = `
<div
  className="row"
>
  <div
    className="col s12"
  >
    <div
      className="card white darken-1"
    >
      <div
        className="card-content black-text"
      >
        <span
          className="card-title"
        >
          IPad
          <br />
          <span
            className="currency"
          >
            229
              
            EUR
          </span>
        </span>
        <div
          className="article"
        >
          <span
            className="article__left"
          >
            <img
              className="image"
              src="https://picsum.photos/480/480/?image=6"
            />
          </span>
          <span
            className="article__right"
          >
            <div
              className="article_description"
              dangerouslySetInnerHTML={
                Object {
                  "__html": "test",
                }
              }
            />
          </span>
        </div>
        <div
          className="card-action"
        >
          <button
            className="btn btn-large right"
            onClick={[Function]}
          >
            Add to cart
          </button>
          <div
            className="clearfix"
          />
        </div>
      </div>
    </div>
  </div>
</div>
`;
