// Jest Snapshot v1, https://goo.gl/fbAQLP

exports[`CartItem component should render the CartItem with a QuantityBar component 1`] = `
<div
  className="cart-item"
>
  <span
    className="cart-item__name"
  >
    <span
      className="cart-item__name cart-item__name--legend"
    >
      Name: 
    </span>
    <span
      className="cart-item__name cart-item__name--value"
    >
      Ipad
    </span>
  </span>
  <br />
  <span
    className="cart-item__price cart-item__price--legend"
  >
    Price:  
    <span
      className="cart-item__price cart-item__price--amount"
    >
      229
    </span>
     
    <span
      className="cart-item__price cart-item__price--currency"
    >
      EUR
    </span>
  </span>
  <QuantityBar
    addToCart={[MockFunction]}
    quantity={3}
    removeFromCart={[MockFunction]}
    sku="199203"
  />
</div>
`;
