// Jest Snapshot v1, https://goo.gl/fbAQLP

exports[`CartItem component should render the CartItem with a QuantityBar component 1`] = `
<div
  class="card  darken-1"
>
  <div
    class="card-content black-text"
  >
    <span
      class="card-title"
    >
      Ipad
      <br />
      <span
        className="currency"
      >
        229
         
        EUR
         X 
        3
      </span>
    </span>
  </div>
  <QuantityBar
    addToCart={[MockFunction]}
    quantity={3}
    removeFromCart={[MockFunction]}
    sku="199203"
  />
</div>
`;
