// Jest Snapshot v1, https://goo.gl/fbAQLP

exports[`QuantityBar component should render the QuantityBar component with current count and two buttons 1`] = `
<div
  className="quantity-bar"
>
  <span
    className="quantity"
  >
    <span
      className="quantity--legend"
    >
      Quantity: 
    </span>
    <span
      className="quantity--value"
    >
      1
    </span>
  </span>
  <br />
  <button
    className="button  "
    onClick={[Function]}
  >
    Add to cart
  </button>
  <button
    className="button button--inverted"
    onClick={[Function]}
  >
    Remove from cart
  </button>
</div>
`;
