// Jest Snapshot v1, https://goo.gl/fbAQLP

exports[`QuantityBar component should render the QuantityBar component with current count and two buttons 1`] = `
<div
  class="card-action"
>
  <button
    className="btn"
    onClick={[Function]}
  >
    Add more
  </button>
   
  <button
    className="btn-flat"
    onClick={[Function]}
  >
    Remove one
  </button>
</div>
`;
